src/api/index.ts(14,30): error TS2339: Property 'env' does not exist on type 'ImportMeta'.
src/components/Footer.tsx(1,1): error TS6133: 'React' is declared but its value is never read.
src/components/JobCard.tsx(1,1): error TS6133: 'React' is declared but its value is never read.
src/components/Navbar.tsx(1,8): error TS6133: 'React' is declared but its value is never read.
src/context/AuthContext.tsx(1,8): error TS6133: 'React' is declared but its value is never read.
src/context/AuthContext.tsx(26,7): error TS6133: 'getStoredAuth' is declared but its value is never read.
src/main.tsx(3,8): error TS2307: Cannot find module './index.css' or its corresponding type declarations.
src/pages/Chat.tsx(12,32): error TS2339: Property 'env' does not exist on type 'ImportMeta'.
src/pages/Dashboard.tsx(1,8): error TS6133: 'React' is declared but its value is never read.
src/pages/Dashboard.tsx(82,9): error TS6133: 'rejected' is declared but its value is never read.
src/pages/Dashboard.tsx(206,9): error TS6133: 'totalApps' is declared but its value is never read.
src/pages/Dashboard.tsx(325,30): error TS2322: Type 'JobStatus' is not assignable to type 'BadgeVariant | undefined'.
  Type '"in-progress"' is not assignable to type 'BadgeVariant | undefined'.
src/pages/EditJob.tsx(46,15): error TS2741: Property 'category' is missing in type '{ _id: string; title: string; description: string; budget: number; budgetType: "fixed"; deadline: string; skills: string[]; status: "open"; client: { _id: string; name: string; email: string; role: "client"; createdAt: string; }; createdAt: string; updatedAt: string; }' but required in type 'Job'.
src/pages/JobDetail.tsx(3,29): error TS6133: 'Tag' is declared but its value is never read.
src/pages/JobDetail.tsx(6,17): error TS6133: 'Label' is declared but its value is never read.
src/pages/JobDetail.tsx(231,26): error TS2322: Type 'JobStatus' is not assignable to type 'BadgeVariant | undefined'.
  Type '"in-progress"' is not assignable to type 'BadgeVariant | undefined'.
src/pages/Login.tsx(5,17): error TS6133: 'Label' is declared but its value is never read.
src/pages/Profile.tsx(1,8): error TS6133: 'React' is declared but its value is never read.
src/pages/Profile.tsx(4,3): error TS6133: 'User' is declared but its value is never read.
src/pages/UserProfile.tsx(1,8): error TS6133: 'React' is declared but its value is never read.
